[  2%] Building CXX object CMakeFiles/StrategyGame.dir/src/Game.cpp.obj
[  5%] Building CXX object CMakeFiles/StrategyGame.dir/src/Application.cpp.obj
[  7%] Building CXX object CMakeFiles/StrategyGame.dir/src/GameScreen.cpp.obj
[ 10%] Building CXX object CMakeFiles/StrategyGame.dir/src/Player.cpp.obj
[ 13%] Building CXX object CMakeFiles/StrategyGame.dir/src/InputHandler.cpp.obj
[ 15%] Building CXX object CMakeFiles/StrategyGame.dir/src/Renderer.cpp.obj
[ 18%] Building CXX object CMakeFiles/StrategyGame.dir/src/AIController.cpp.obj
[ 21%] Building CXX object CMakeFiles/StrategyGame.dir/src/ActionBar.cpp.obj
[ 23%] Building CXX object CMakeFiles/StrategyGame.dir/src/PlayerActions.cpp.obj
[ 26%] Building CXX object CMakeFiles/StrategyGame.dir/src/DebugConsole.cpp.obj
[ 28%] Building CXX object CMakeFiles/StrategyGame.dir/src/FogOfWar.cpp.obj
[ 31%] Linking CXX executable StrategyGame.exe
[100%] Built target StrategyGame
