[  4%] Building CXX object CMakeFiles/StrategyGame.dir/src/main.cpp.obj
cmake : mingw32-make[2]: *** [CMakeFiles\StrategyGame.dir\build.make:79: 
CMakeFiles/StrategyGame.dir/src/main.cpp.obj] Error 1
At line:1 char:1
+ cmake --build build --clean-first 2>&1 | Tee-Object -FilePath build_o ...
+ ~~~~~~~~~~~~~~~~~~~~~~~~~~~~~~~~~~~~~~
    + CategoryInfo          : NotSpecified: (mingw32-make[2]...pp.obj] Error 1 
   :String) [], RemoteException
    + FullyQualifiedErrorId : NativeCommandError
 
mingw32-make[1]: *** [CMakeFiles\Makefile2:86: 
CMakeFiles/StrategyGame.dir/all] Error 2
mingw32-make: *** [Makefile:90: all] Error 2
